mise WARN  tracking config: failed to ln -sf /private/tmp/198x-assessment-asm/rust-toolchain.toml /Users/stevehill/.local/state/mise/tracked-configs/df25667554d6f36: Operation not permitted (os error 1)
   Compiling asm198x v0.0.59 (/private/tmp/198x-assessment-asm/crates/asm198x)
    Finished `test` profile [unoptimized + debuginfo] target(s) in 2.23s
     Running unittests src/lib.rs (/Users/stevehill/Projects/198x/Asm198x/asm198x/target/debug/deps/asm198x-ba760d22b8996edb)

running 114 tests
test dialects::acme::tests::a_label_after_a_separator_binds_at_that_point ... ok
test dialects::acme::tests::a_branch_inside_is_measured_from_the_claimed_address ... ok
test dialects::acme::tests::a_backward_label_sizes_to_zero_page ... ok
test dialects::acme::tests::a_dotted_label_is_scoped_to_its_expansion ... ok
test dialects::acme::tests::a_call_needs_its_plus ... ok
test dialects::acme::tests::a_byte_prefix_is_not_a_comparison ... ok
test dialects::acme::tests::a_block_restores_the_mask_and_a_bare_xor_does_not ... ok
test dialects::acme::tests::a_deliberate_absolute_is_not_oversized ... ok
test dialects::acme::tests::a_body_is_delimited_by_braces_not_by_a_line ... ok
test dialects::acme::tests::a_formatted_for_assembles_to_the_same_bytes ... ok
test dialects::acme::tests::a_named_file_must_be_quoted_and_its_format_known ... ok
test dialects::acme::tests::a_one_character_string_is_a_value ... ok
test dialects::acme::tests::a_second_name_warns_and_the_first_stands ... ok
test dialects::acme::tests::a_sized_directive_takes_a_list_and_an_expression ... ok
test dialects::acme::tests::a_second_initmem_does_not_displace_the_first ... ok
test dialects::acme::tests::a_tail_tested_loop_always_runs_once ... ok
test dialects::acme::tests::a_value_less_addr_is_a_label ... ok
test dialects::acme::tests::a_sized_value_spans_signed_and_unsigned ... ok
test dialects::acme::tests::a_formatted_macro_assembles_to_the_same_bytes ... ok
test dialects::acme::tests::acmes_retired_spellings_are_the_references_refusal_not_our_gap ... ok
test dialects::acme::tests::a_second_ct_replaces_where_a_second_xor_combines ... ok
test dialects::acme::tests::a_scrxor_mask_is_truncated_not_range_checked ... ok
test dialects::acme::tests::addr_binds_a_name_exactly_as_an_assignment_does ... ok
test dialects::acme::tests::addr_refuses_what_acme_refuses ... ok
test dialects::acme::tests::align_pads_to_boundary_with_default_and_custom_fill ... ok
test dialects::acme::tests::an_initmem_byte_is_signed_or_unsigned ... ok
test dialects::acme::tests::an_unclosed_conditional_is_refused ... ok
test dialects::acme::tests::an_oversized_addressing_mode_is_reported ... ok
test dialects::acme::tests::an_unknown_processor_is_the_references_refusal ... ok
test dialects::acme::tests::an_unterminated_definition_is_refused ... ok
test dialects::acme::tests::addressing_modes_resolve ... ok
test dialects::acme::tests::an_if_condition_takes_every_comparison ... ok
test dialects::acme::tests::an_xor_value_is_range_checked_unlike_scrxor ... ok
test dialects::acme::tests::anonymous_labels_resolve_by_direction ... ok
test dialects::acme::tests::anon_in_untaken_branch_does_not_exist ... ok
test dialects::acme::tests::another_processor_is_refused_as_our_gap ... ok
test dialects::acme::tests::backwards_origins_are_placed_by_address ... ok
test dialects::acme::tests::colon_in_a_literal_is_not_a_statement_separator ... ok
test dialects::acme::tests::bitwise_and_shift_bind_looser_than_arithmetic ... ok
test dialects::acme::tests::arithmetic_and_byte_operators ... ok
test dialects::acme::tests::caret_is_exponentiation_and_xor_is_the_keyword ... ok
test dialects::acme::tests::emitting_without_an_origin_is_an_error ... ok
test dialects::acme::tests::colon_separates_statements_after_a_label ... ok
test dialects::acme::tests::eof_ends_the_file_without_parsing_the_rest ... ok
test dialects::acme::tests::eof_inside_an_open_block_is_an_error ... ok
test dialects::acme::tests::fill_reserves_bytes ... ok
test dialects::acme::tests::for_blocks_nest ... ok
test dialects::acme::tests::fi_is_the_short_spelling_of_fill ... ok
test dialects::acme::tests::every_loop_spelling_runs_the_body_the_right_number_of_times ... ok
test dialects::acme::tests::ct_chooses_the_table_text_converts_through ... ok
test dialects::acme::tests::formatting_does_not_expand ... ok
test dialects::acme::tests::formatting_colon_separated_statements_preserves_bytes ... ok
test dialects::acme::tests::forward_anon_never_matches_its_own_line ... ok
test dialects::acme::tests::fill_count_reads_the_program_counter ... ok
test dialects::acme::tests::hex_takes_bare_digit_pairs ... ok
test dialects::acme::tests::cpu_selection_before_origin_does_not_emit_data ... ok
test dialects::acme::tests::hex_reports_an_odd_count_before_a_bad_character ... ok
test dialects::acme::tests::hex_width_forces_absolute ... ok
test dialects::acme::tests::forward_pc_gap_is_zero_filled ... ok
test dialects::acme::tests::cpu_switches_instruction_sets_per_statement ... ok
test dialects::acme::tests::if_true_takes_then_branch ... ok
test dialects::acme::tests::ifdef_skips_undefined_block ... ok
test dialects::acme::tests::ifndef_inline_block_runs_and_defines ... ok
test dialects::acme::tests::initmem_applies_to_the_whole_assembly_not_from_where_it_appears ... ok
test dialects::acme::tests::initmem_fills_an_origin_gap ... ok
test dialects::acme::tests::later_regions_overlay_bytes_but_not_origin_gaps ... ok
test dialects::acme::tests::nested_anonymous_levels_are_distinct ... ok
test dialects::acme::tests::one_name_may_carry_several_arities ... ok
test dialects::acme::tests::only_a_known_low_address_shrinks ... ok
test dialects::acme::tests::nested_conditionals ... ok
test dialects::acme::tests::no_operator_applies_to_a_string ... ok
test dialects::acme::tests::pet_converts_to_petscii ... ok
test dialects::acme::tests::only_an_xor_block_scopes_the_mask ... ok
test dialects::acme::tests::loops_nest_and_mix_with_conditionals ... ok
test dialects::acme::tests::macros_expand ... ok
test dialects::acme::tests::only_the_named_encodings_are_taken ... ok
test dialects::acme::tests::percent_is_binary_prefix_or_modulo_by_position ... ok
test dialects::acme::tests::pseudopc_restores_and_nests ... ok
test dialects::acme::tests::register_width_directives_emit_nothing ... ok
test dialects::acme::tests::pseudopc_moves_the_address_and_not_the_bytes ... ok
test dialects::acme::tests::self_referencing_backward_label ... ok
test dialects::acme::tests::scr_converts_to_screen_codes ... ok
test dialects::acme::tests::star_equals_with_spaces ... ok
test dialects::acme::tests::symbol_assignment_binds_a_value ... ok
test dialects::acme::tests::set_is_a_reassignable_variable ... ok
test dialects::acme::tests::sets_pc_and_emits_bytes ... ok
test dialects::acme::tests::raw_emits_its_operands_unconverted ... ok
test dialects::acme::tests::scrxor_masks_what_it_converted_and_nothing_else ... ok
test dialects::acme::tests::skip_reserves_and_initmem_says_with_what ... ok
test dialects::acme::tests::source_requested_diagnostics ... ok
test dialects::acme::tests::the_mask_spares_reserved_space ... ok
test dialects::acme::tests::star_is_the_program_counter ... ok
test dialects::acme::tests::text_emits_raw_bytes ... ok
test dialects::acme::tests::the_old_for_syntax_counts_from_one ... ok
test dialects::acme::tests::the_new_for_syntax_is_inclusive_and_may_descend ... ok
test dialects::acme::tests::the_old_syntax_never_descends ... ok
test dialects::acme::tests::the_loop_variable_is_live_in_the_body ... ok
test dialects::acme::tests::to_without_a_format_defaults_to_cbm_and_says_so ... ok
test dialects::acme::tests::the_sized_family_takes_its_byte_order_from_the_directive ... ok
test dialects::acme::tests::to_requests_an_output_file_and_a_format ... ok
test dialects::acme::tests::zero_page_sizing_follows_the_addressing_mode ... ok
test dialects::acme::tests::zone_emits_nothing ... ok
test dialects::acme::tests::the_table_reaches_only_text ... ok
test dialects::acme::tests::xor_masks_data_and_opcodes_alike ... ok
test dialects::acme::tests::zone_initial_scope_keeps_bare_keys ... ok
test dialects::acme::tests::zone_globals_do_not_delimit_locals ... ok
test dialects::acme::tests::zone_line_label_binds_in_the_old_zone ... ok
test dialects::acme::tests::zone_malformed_forms_are_rejected ... ok
test dialects::acme::tests::zone_interacts_with_conditionals_per_the_probes ... ok
test dialects::acme::tests::zone_block_restores_enclosing_zone ... ok
test dialects::acme::tests::zone_scopes_constants_set_and_ifdef ... ok
test dialects::acme::tests::zone_title_reentry_is_a_fresh_zone ... ok
test dialects::acme::tests::zone_scopes_local_reuse ... ok
test dialects::acme::tests::a_loop_whose_condition_never_moves_is_refused ... ok

test result: ok. 114 passed; 0 failed; 0 ignored; 0 measured; 631 filtered out; finished in 5.77s

